// Jest Snapshot v1, https://goo.gl/fbAQLP

exports[`Rocket Render correctly with all props 1`] = `
Object {
  "asFragment": [Function],
  "baseElement": <body>
    <div>
      <div
        class="container"
      >
        <div
          class="row"
        >
          <div
            class="col-xl-4 col-lg-5 col-12"
          >
            <div
              class="carousel slide"
            >
              <div
                class="carousel-indicators"
              >
                <button
                  aria-current="true"
                  aria-label="Slide 1"
                  class="active"
                  data-bs-target=""
                  type="button"
                />
              </div>
              <div
                class="carousel-inner"
              >
                <div
                  class="active carousel-item"
                >
                  <figure
                    class="figure"
                  >
                    <img
                      alt="171x180"
                      class="figure-img img-fluid"
                      src="https://farm1.staticflickr.com/293/32312415025_6841e30bf1_b.jpg"
                    />
                  </figure>
                </div>
              </div>
              <a
                class="carousel-control-prev"
                href="#"
                role="button"
                tabindex="0"
              >
                <span
                  aria-hidden="true"
                  class="carousel-control-prev-icon"
                />
                <span
                  class="visually-hidden"
                >
                  Previous
                </span>
              </a>
              <a
                class="carousel-control-next"
                href="#"
                role="button"
                tabindex="0"
              >
                <span
                  aria-hidden="true"
                  class="carousel-control-next-icon"
                />
                <span
                  class="visually-hidden"
                >
                  Next
                </span>
              </a>
            </div>
          </div>
          <div
            class="col-xl-8 col-lg-7 col-12"
          >
            <div
              class="card"
              style="border: 0px;"
            >
              <div
                class="card-body"
                style="padding: 0px;"
              >
                <div
                  class="card-title h5"
                >
                  Halcon 1
                </div>
                <p
                  class="card-text"
                >
                  A three-stage-to-orbit medium lift launch vehicle
                </p>
                <button
                  class="btn btn-primary"
                  type="button"
                >
                  Reserve Rocket
                </button>
              </div>
            </div>
          </div>
        </div>
      </div>
    </div>
  </body>,
  "container": <div>
    <div
      class="container"
    >
      <div
        class="row"
      >
        <div
          class="col-xl-4 col-lg-5 col-12"
        >
          <div
            class="carousel slide"
          >
            <div
              class="carousel-indicators"
            >
              <button
                aria-current="true"
                aria-label="Slide 1"
                class="active"
                data-bs-target=""
                type="button"
              />
            </div>
            <div
              class="carousel-inner"
            >
              <div
                class="active carousel-item"
              >
                <figure
                  class="figure"
                >
                  <img
                    alt="171x180"
                    class="figure-img img-fluid"
                    src="https://farm1.staticflickr.com/293/32312415025_6841e30bf1_b.jpg"
                  />
                </figure>
              </div>
            </div>
            <a
              class="carousel-control-prev"
              href="#"
              role="button"
              tabindex="0"
            >
              <span
                aria-hidden="true"
                class="carousel-control-prev-icon"
              />
              <span
                class="visually-hidden"
              >
                Previous
              </span>
            </a>
            <a
              class="carousel-control-next"
              href="#"
              role="button"
              tabindex="0"
            >
              <span
                aria-hidden="true"
                class="carousel-control-next-icon"
              />
              <span
                class="visually-hidden"
              >
                Next
              </span>
            </a>
          </div>
        </div>
        <div
          class="col-xl-8 col-lg-7 col-12"
        >
          <div
            class="card"
            style="border: 0px;"
          >
            <div
              class="card-body"
              style="padding: 0px;"
            >
              <div
                class="card-title h5"
              >
                Halcon 1
              </div>
              <p
                class="card-text"
              >
                A three-stage-to-orbit medium lift launch vehicle
              </p>
              <button
                class="btn btn-primary"
                type="button"
              >
                Reserve Rocket
              </button>
            </div>
          </div>
        </div>
      </div>
    </div>
  </div>,
  "debug": [Function],
  "findAllByAltText": [Function],
  "findAllByDisplayValue": [Function],
  "findAllByLabelText": [Function],
  "findAllByPlaceholderText": [Function],
  "findAllByRole": [Function],
  "findAllByTestId": [Function],
  "findAllByText": [Function],
  "findAllByTitle": [Function],
  "findByAltText": [Function],
  "findByDisplayValue": [Function],
  "findByLabelText": [Function],
  "findByPlaceholderText": [Function],
  "findByRole": [Function],
  "findByTestId": [Function],
  "findByText": [Function],
  "findByTitle": [Function],
  "getAllByAltText": [Function],
  "getAllByDisplayValue": [Function],
  "getAllByLabelText": [Function],
  "getAllByPlaceholderText": [Function],
  "getAllByRole": [Function],
  "getAllByTestId": [Function],
  "getAllByText": [Function],
  "getAllByTitle": [Function],
  "getByAltText": [Function],
  "getByDisplayValue": [Function],
  "getByLabelText": [Function],
  "getByPlaceholderText": [Function],
  "getByRole": [Function],
  "getByTestId": [Function],
  "getByText": [Function],
  "getByTitle": [Function],
  "queryAllByAltText": [Function],
  "queryAllByDisplayValue": [Function],
  "queryAllByLabelText": [Function],
  "queryAllByPlaceholderText": [Function],
  "queryAllByRole": [Function],
  "queryAllByTestId": [Function],
  "queryAllByText": [Function],
  "queryAllByTitle": [Function],
  "queryByAltText": [Function],
  "queryByDisplayValue": [Function],
  "queryByLabelText": [Function],
  "queryByPlaceholderText": [Function],
  "queryByRole": [Function],
  "queryByTestId": [Function],
  "queryByText": [Function],
  "queryByTitle": [Function],
  "rerender": [Function],
  "unmount": [Function],
}
`;
